a/a.go:10:12: log message should start with lowercase letter: "Starting server"
a/a.go:11:12: log message should start with lowercase letter: "Starting server"
a/a.go:18:12: log message should be in English only: "запуск сервера"
a/a.go:19:13: log message should be in English only: "ошибка подключения"
a/a.go:26:12: log message should not contain special characters or emojis: "server started!🚀"
a/a.go:28:12: log message should not contain special characters or emojis: "connection failed!!!"
a/a.go:37:12: log message should not contain potentially sensitive data: "user password: "
a/a.go:38:13: log message should not contain potentially sensitive data: "api_key=key123"
a/a.go:39:12: log message should not contain potentially sensitive data: "token: token123"
